{"timestamp":"2026-07-09T13:09:57.7051549Z","tokenPrefix":"48acccac","endpoint":"POST /api/notes","elementId":208,"field":"notes","statusCode":200,"message":"Write-back completed"}
{"timestamp":"2026-07-09T13:54:07.1522956Z","tokenPrefix":"ee05b5a3","endpoint":"POST /api/status","elementId":206,"field":"status","statusCode":200,"message":"Write-back completed"}
{"timestamp":"2026-07-11T11:33:35.2814162Z","tokenPrefix":"ca6e5010","endpoint":"POST /api/status","elementId":523,"field":"status","statusCode":200,"message":"Write-back completed"}
{"timestamp":"2026-07-11T11:37:05.6216288Z","tokenPrefix":"ca6e5010","endpoint":"POST /api/notes","elementId":523,"field":"notes","statusCode":200,"message":"Write-back completed"}
{"timestamp":"2026-07-11T11:37:16.8783007Z","tokenPrefix":"ca6e5010","endpoint":"POST /api/status","elementId":523,"field":"status","statusCode":200,"message":"Write-back completed"}
{"timestamp":"2026-07-11T11:37:24.9007682Z","tokenPrefix":"ca6e5010","endpoint":"POST /api/status","elementId":523,"field":"status","statusCode":200,"message":"Write-back completed"}
{"timestamp":"2026-07-11T11:42:15.5302835Z","tokenPrefix":"83693839","endpoint":"POST /api/status","elementId":527,"field":"status","statusCode":200,"message":"Write-back completed"}
{"timestamp":"2026-07-11T11:42:26.1713968Z","tokenPrefix":"83693839","endpoint":"POST /api/status","elementId":527,"field":"status","statusCode":200,"message":"Write-back completed"}
{"timestamp":"2026-07-11T11:42:35.0171878Z","tokenPrefix":"83693839","endpoint":"POST /api/status","elementId":527,"field":"status","statusCode":200,"message":"Write-back completed"}
{"timestamp":"2026-07-11T11:43:29.2784357Z","tokenPrefix":"83693839","endpoint":"POST /api/status","elementId":527,"field":"status","statusCode":200,"message":"Write-back completed"}
{"timestamp":"2026-07-11T11:43:56.9459761Z","tokenPrefix":"83693839","endpoint":"POST /api/status","elementId":512,"field":"status","statusCode":200,"message":"Write-back completed"}
{"timestamp":"2026-07-11T12:13:36.8433113Z","tokenPrefix":"ec38adfa","endpoint":"POST /api/status","elementId":512,"field":"status","statusCode":200,"message":"Write-back completed"}
{"timestamp":"2026-07-11T12:14:20.0215700Z","tokenPrefix":"ec38adfa","endpoint":"POST /api/status","elementId":512,"field":"status","statusCode":200,"message":"Write-back completed"}
{"timestamp":"2026-07-11T12:14:30.1776926Z","tokenPrefix":"ec38adfa","endpoint":"POST /api/status","elementId":512,"field":"status","statusCode":200,"message":"Write-back completed"}
{"timestamp":"2026-07-11T12:14:36.8090148Z","tokenPrefix":"ec38adfa","endpoint":"POST /api/status","elementId":512,"field":"status","statusCode":200,"message":"Write-back completed"}
{"timestamp":"2026-07-11T12:24:59.5895287Z","tokenPrefix":"ea4498a9","endpoint":"POST /api/status","elementId":512,"field":"status","statusCode":200,"message":"Write-back completed"}
{"timestamp":"2026-07-13T07:35:58.3627496Z","tokenPrefix":"c85fd2a2","endpoint":"POST /api/status","elementId":465,"field":"status","statusCode":200,"message":"Write-back completed"}
{"timestamp":"2026-07-13T07:36:00.3707548Z","tokenPrefix":"c85fd2a2","endpoint":"POST /api/status","elementId":463,"field":"status","statusCode":200,"message":"Write-back completed"}
{"timestamp":"2026-07-13T07:36:02.5772209Z","tokenPrefix":"c85fd2a2","endpoint":"POST /api/status","elementId":464,"field":"status","statusCode":200,"message":"Write-back completed"}
{"timestamp":"2026-07-13T07:36:04.9139220Z","tokenPrefix":"c85fd2a2","endpoint":"POST /api/status","elementId":466,"field":"status","statusCode":200,"message":"Write-back completed"}
{"timestamp":"2026-07-13T07:36:07.2196241Z","tokenPrefix":"c85fd2a2","endpoint":"POST /api/status","elementId":133,"field":"status","statusCode":200,"message":"Write-back completed"}
{"timestamp":"2026-07-13T07:36:09.5347621Z","tokenPrefix":"c85fd2a2","endpoint":"POST /api/status","elementId":132,"field":"status","statusCode":200,"message":"Write-back completed"}
{"timestamp":"2026-07-13T07:36:11.8301188Z","tokenPrefix":"c85fd2a2","endpoint":"POST /api/status","elementId":139,"field":"status","statusCode":200,"message":"Write-back completed"}
{"timestamp":"2026-07-13T07:36:14.2129442Z","tokenPrefix":"c85fd2a2","endpoint":"POST /api/status","elementId":136,"field":"status","statusCode":200,"message":"Write-back completed"}
{"timestamp":"2026-07-13T07:38:55.1607614Z","tokenPrefix":"c85fd2a2","endpoint":"POST /api/status","elementId":164,"field":"status","statusCode":200,"message":"Write-back completed"}
{"timestamp":"2026-07-13T07:38:57.1342933Z","tokenPrefix":"c85fd2a2","endpoint":"POST /api/status","elementId":131,"field":"status","statusCode":200,"message":"Write-back completed"}
{"timestamp":"2026-07-13T07:38:59.5630701Z","tokenPrefix":"c85fd2a2","endpoint":"POST /api/status","elementId":445,"field":"status","statusCode":200,"message":"Write-back completed"}
{"timestamp":"2026-07-13T07:39:02.3897690Z","tokenPrefix":"c85fd2a2","endpoint":"POST /api/status","elementId":450,"field":"status","statusCode":200,"message":"Write-back completed"}
{"timestamp":"2026-07-13T07:39:04.8352301Z","tokenPrefix":"c85fd2a2","endpoint":"POST /api/status","elementId":449,"field":"status","statusCode":200,"message":"Write-back completed"}
{"timestamp":"2026-07-13T07:39:07.4853880Z","tokenPrefix":"c85fd2a2","endpoint":"POST /api/status","elementId":448,"field":"status","statusCode":200,"message":"Write-back completed"}
{"timestamp":"2026-07-13T07:39:10.0307514Z","tokenPrefix":"c85fd2a2","endpoint":"POST /api/status","elementId":444,"field":"status","statusCode":200,"message":"Write-back completed"}
{"timestamp":"2026-07-13T07:39:12.5405949Z","tokenPrefix":"c85fd2a2","endpoint":"POST /api/status","elementId":446,"field":"status","statusCode":200,"message":"Write-back completed"}
{"timestamp":"2026-07-13T07:49:25.0212015Z","tokenPrefix":"c85fd2a2","endpoint":"POST /api/notes","elementId":465,"field":"notes","statusCode":200,"message":"Write-back completed"}
{"timestamp":"2026-07-13T07:49:38.5041983Z","tokenPrefix":"c85fd2a2","endpoint":"POST /api/notes","elementId":466,"field":"notes","statusCode":200,"message":"Write-back completed"}
{"timestamp":"2026-07-13T07:50:07.3721161Z","tokenPrefix":"c85fd2a2","endpoint":"POST /api/diagram-notes","elementId":6,"field":"diagram-notes","statusCode":200,"message":"Write-back completed"}
{"timestamp":"2026-07-13T07:53:30.0314520Z","tokenPrefix":"c85fd2a2","endpoint":"POST /api/ai-suggest","elementId":139,"field":"suggested","statusCode":200,"message":"AI suggestion generated"}
{"timestamp":"2026-07-13T07:53:52.4823234Z","tokenPrefix":"c85fd2a2","endpoint":"POST /api/ai-suggest","elementId":462,"field":"suggested","statusCode":200,"message":"AI suggestion generated"}
{"timestamp":"2026-07-13T09:08:52.7752642Z","tokenPrefix":"2de32ef7","endpoint":"POST /api/ai-suggest","elementId":139,"field":"suggested","statusCode":200,"message":"AI suggestion generated"}
{"timestamp":"2026-07-13T09:14:21.6732466Z","tokenPrefix":"3bcc69a9","endpoint":"POST /api/ai-suggest","elementId":139,"field":"suggested","statusCode":200,"message":"AI suggestion generated"}
{"timestamp":"2026-07-13T09:15:30.0201625Z","tokenPrefix":"3bcc69a9","endpoint":"POST /api/status","elementId":139,"field":"status","statusCode":200,"message":"Write-back completed"}
{"timestamp":"2026-07-13T09:15:33.0907681Z","tokenPrefix":"3bcc69a9","endpoint":"POST /api/notes","elementId":139,"field":"notes","statusCode":200,"message":"Write-back completed"}
{"timestamp":"2026-07-13T09:15:36.2758564Z","tokenPrefix":"3bcc69a9","endpoint":"POST /api/status","elementId":139,"field":"status","statusCode":200,"message":"Write-back completed"}
{"timestamp":"2026-07-13T09:17:15.2842499Z","tokenPrefix":"3bcc69a9","endpoint":"POST /api/ai-suggest","elementId":592,"field":"suggested","statusCode":200,"message":"AI suggestion generated"}
{"timestamp":"2026-07-13T09:17:44.7583129Z","tokenPrefix":"3bcc69a9","endpoint":"POST /api/ai-suggest","elementId":592,"field":"suggested","statusCode":200,"message":"AI suggestion generated"}
{"timestamp":"2026-07-13T09:36:12.3127285Z","tokenPrefix":"fbab6b3e","endpoint":"POST /api/ai-suggest","elementId":592,"field":"suggested","statusCode":200,"message":"AI suggestion generated"}
{"timestamp":"2026-07-13T09:36:14.6464074Z","tokenPrefix":"fbab6b3e","endpoint":"POST /api/notes","elementId":592,"field":"notes","statusCode":200,"message":"Write-back completed"}
{"timestamp":"2026-07-13T09:36:29.4608985Z","tokenPrefix":"fbab6b3e","endpoint":"POST /api/ai-suggest","elementId":592,"field":"suggested","statusCode":200,"message":"AI suggestion generated"}
{"timestamp":"2026-07-13T09:36:31.2181014Z","tokenPrefix":"fbab6b3e","endpoint":"POST /api/notes","elementId":592,"field":"notes","statusCode":200,"message":"Write-back completed"}
{"timestamp":"2026-07-13T09:36:46.7279108Z","tokenPrefix":"fbab6b3e","endpoint":"POST /api/ai-suggest","elementId":592,"field":"suggested","statusCode":200,"message":"AI suggestion generated"}
{"timestamp":"2026-07-13T09:36:48.9847152Z","tokenPrefix":"fbab6b3e","endpoint":"POST /api/notes","elementId":592,"field":"notes","statusCode":200,"message":"Write-back completed"}
{"timestamp":"2026-07-13T09:37:04.7594340Z","tokenPrefix":"fbab6b3e","endpoint":"POST /api/ai-suggest","elementId":592,"field":"suggested","statusCode":200,"message":"AI suggestion generated"}
{"timestamp":"2026-07-13T09:37:06.9631779Z","tokenPrefix":"fbab6b3e","endpoint":"POST /api/notes","elementId":592,"field":"notes","statusCode":200,"message":"Write-back completed"}
{"timestamp":"2026-07-13T09:37:23.8606284Z","tokenPrefix":"fbab6b3e","endpoint":"POST /api/ai-suggest","elementId":592,"field":"suggested","statusCode":200,"message":"AI suggestion generated"}
{"timestamp":"2026-07-13T09:37:26.0505648Z","tokenPrefix":"fbab6b3e","endpoint":"POST /api/notes","elementId":592,"field":"notes","statusCode":200,"message":"Write-back completed"}
{"timestamp":"2026-07-13T09:37:42.9378039Z","tokenPrefix":"fbab6b3e","endpoint":"POST /api/ai-suggest","elementId":592,"field":"suggested","statusCode":200,"message":"AI suggestion generated"}
{"timestamp":"2026-07-13T09:37:45.0959894Z","tokenPrefix":"fbab6b3e","endpoint":"POST /api/notes","elementId":592,"field":"notes","statusCode":200,"message":"Write-back completed"}
{"timestamp":"2026-07-13T09:38:05.0440515Z","tokenPrefix":"fbab6b3e","endpoint":"POST /api/ai-suggest","elementId":592,"field":"suggested","statusCode":200,"message":"AI suggestion generated"}
{"timestamp":"2026-07-13T09:38:07.2158818Z","tokenPrefix":"fbab6b3e","endpoint":"POST /api/notes","elementId":592,"field":"notes","statusCode":200,"message":"Write-back completed"}
{"timestamp":"2026-07-13T09:38:25.3576326Z","tokenPrefix":"fbab6b3e","endpoint":"POST /api/ai-suggest","elementId":592,"field":"suggested","statusCode":200,"message":"AI suggestion generated"}
{"timestamp":"2026-07-13T09:38:27.0481107Z","tokenPrefix":"fbab6b3e","endpoint":"POST /api/notes","elementId":592,"field":"notes","statusCode":200,"message":"Write-back completed"}
{"timestamp":"2026-07-13T09:38:45.3195611Z","tokenPrefix":"fbab6b3e","endpoint":"POST /api/ai-suggest","elementId":592,"field":"suggested","statusCode":200,"message":"AI suggestion generated"}
{"timestamp":"2026-07-13T09:38:47.4884721Z","tokenPrefix":"fbab6b3e","endpoint":"POST /api/notes","elementId":592,"field":"notes","statusCode":200,"message":"Write-back completed"}
{"timestamp":"2026-07-13T09:39:05.4697372Z","tokenPrefix":"fbab6b3e","endpoint":"POST /api/ai-suggest","elementId":592,"field":"suggested","statusCode":200,"message":"AI suggestion generated"}
{"timestamp":"2026-07-13T09:39:07.6717471Z","tokenPrefix":"fbab6b3e","endpoint":"POST /api/notes","elementId":592,"field":"notes","statusCode":200,"message":"Write-back completed"}
{"timestamp":"2026-07-13T09:39:26.5894157Z","tokenPrefix":"fbab6b3e","endpoint":"POST /api/ai-suggest","elementId":592,"field":"suggested","statusCode":200,"message":"AI suggestion generated"}
{"timestamp":"2026-07-13T09:39:28.7616894Z","tokenPrefix":"fbab6b3e","endpoint":"POST /api/notes","elementId":592,"field":"notes","statusCode":200,"message":"Write-back completed"}
{"timestamp":"2026-07-13T09:39:44.6200545Z","tokenPrefix":"fbab6b3e","endpoint":"POST /api/ai-suggest","elementId":592,"field":"suggested","statusCode":200,"message":"AI suggestion generated"}
{"timestamp":"2026-07-13T09:39:46.7574484Z","tokenPrefix":"fbab6b3e","endpoint":"POST /api/notes","elementId":592,"field":"notes","statusCode":200,"message":"Write-back completed"}
{"timestamp":"2026-07-13T09:40:05.6848259Z","tokenPrefix":"fbab6b3e","endpoint":"POST /api/ai-suggest","elementId":592,"field":"suggested","statusCode":200,"message":"AI suggestion generated"}
{"timestamp":"2026-07-13T09:40:08.2610907Z","tokenPrefix":"fbab6b3e","endpoint":"POST /api/notes","elementId":592,"field":"notes","statusCode":200,"message":"Write-back completed"}
{"timestamp":"2026-07-13T09:40:24.8908779Z","tokenPrefix":"fbab6b3e","endpoint":"POST /api/ai-suggest","elementId":592,"field":"suggested","statusCode":200,"message":"AI suggestion generated"}
{"timestamp":"2026-07-13T09:40:27.0987846Z","tokenPrefix":"fbab6b3e","endpoint":"POST /api/notes","elementId":592,"field":"notes","statusCode":200,"message":"Write-back completed"}
{"timestamp":"2026-07-13T09:40:43.7473757Z","tokenPrefix":"fbab6b3e","endpoint":"POST /api/ai-suggest","elementId":592,"field":"suggested","statusCode":200,"message":"AI suggestion generated"}
{"timestamp":"2026-07-13T09:40:45.9965250Z","tokenPrefix":"fbab6b3e","endpoint":"POST /api/notes","elementId":592,"field":"notes","statusCode":200,"message":"Write-back completed"}
{"timestamp":"2026-07-13T09:41:35.4809939Z","tokenPrefix":"fbab6b3e","endpoint":"POST /api/ai-suggest","elementId":592,"field":"suggested","statusCode":200,"message":"AI suggestion generated"}
{"timestamp":"2026-07-13T09:41:37.3347282Z","tokenPrefix":"fbab6b3e","endpoint":"POST /api/notes","elementId":592,"field":"notes","statusCode":200,"message":"Write-back completed"}
{"timestamp":"2026-07-13T09:41:54.6295947Z","tokenPrefix":"fbab6b3e","endpoint":"POST /api/ai-suggest","elementId":592,"field":"suggested","statusCode":200,"message":"AI suggestion generated"}
{"timestamp":"2026-07-13T09:41:56.8510241Z","tokenPrefix":"fbab6b3e","endpoint":"POST /api/notes","elementId":592,"field":"notes","statusCode":200,"message":"Write-back completed"}
{"timestamp":"2026-07-13T09:42:14.2823850Z","tokenPrefix":"fbab6b3e","endpoint":"POST /api/ai-suggest","elementId":592,"field":"suggested","statusCode":200,"message":"AI suggestion generated"}
{"timestamp":"2026-07-13T09:42:16.0361591Z","tokenPrefix":"fbab6b3e","endpoint":"POST /api/notes","elementId":592,"field":"notes","statusCode":200,"message":"Write-back completed"}
{"timestamp":"2026-07-13T09:42:32.0326687Z","tokenPrefix":"fbab6b3e","endpoint":"POST /api/ai-suggest","elementId":592,"field":"suggested","statusCode":200,"message":"AI suggestion generated"}
{"timestamp":"2026-07-13T09:42:34.2645489Z","tokenPrefix":"fbab6b3e","endpoint":"POST /api/notes","elementId":592,"field":"notes","statusCode":200,"message":"Write-back completed"}
{"timestamp":"2026-07-13T09:42:52.2468336Z","tokenPrefix":"fbab6b3e","endpoint":"POST /api/ai-suggest","elementId":592,"field":"suggested","statusCode":200,"message":"AI suggestion generated"}
{"timestamp":"2026-07-13T09:42:53.9242729Z","tokenPrefix":"fbab6b3e","endpoint":"POST /api/notes","elementId":592,"field":"notes","statusCode":200,"message":"Write-back completed"}
{"timestamp":"2026-07-13T09:43:10.2360919Z","tokenPrefix":"fbab6b3e","endpoint":"POST /api/ai-suggest","elementId":592,"field":"suggested","statusCode":200,"message":"AI suggestion generated"}
{"timestamp":"2026-07-13T09:43:11.8791806Z","tokenPrefix":"fbab6b3e","endpoint":"POST /api/notes","elementId":592,"field":"notes","statusCode":200,"message":"Write-back completed"}
{"timestamp":"2026-07-13T09:43:26.7130483Z","tokenPrefix":"fbab6b3e","endpoint":"POST /api/ai-suggest","elementId":592,"field":"suggested","statusCode":200,"message":"AI suggestion generated"}
{"timestamp":"2026-07-13T09:43:28.5567249Z","tokenPrefix":"fbab6b3e","endpoint":"POST /api/notes","elementId":592,"field":"notes","statusCode":200,"message":"Write-back completed"}
{"timestamp":"2026-07-13T09:43:45.1911762Z","tokenPrefix":"fbab6b3e","endpoint":"POST /api/ai-suggest","elementId":592,"field":"suggested","statusCode":200,"message":"AI suggestion generated"}
{"timestamp":"2026-07-13T09:43:47.4111873Z","tokenPrefix":"fbab6b3e","endpoint":"POST /api/notes","elementId":592,"field":"notes","statusCode":200,"message":"Write-back completed"}
{"timestamp":"2026-07-13T09:44:05.3528689Z","tokenPrefix":"fbab6b3e","endpoint":"POST /api/ai-suggest","elementId":592,"field":"suggested","statusCode":200,"message":"AI suggestion generated"}
{"timestamp":"2026-07-13T09:44:07.5598758Z","tokenPrefix":"fbab6b3e","endpoint":"POST /api/notes","elementId":592,"field":"notes","statusCode":200,"message":"Write-back completed"}
{"timestamp":"2026-07-13T09:44:23.5902323Z","tokenPrefix":"fbab6b3e","endpoint":"POST /api/ai-suggest","elementId":592,"field":"suggested","statusCode":200,"message":"AI suggestion generated"}
{"timestamp":"2026-07-13T09:44:25.3536035Z","tokenPrefix":"fbab6b3e","endpoint":"POST /api/notes","elementId":592,"field":"notes","statusCode":200,"message":"Write-back completed"}
{"timestamp":"2026-07-13T09:44:42.5817380Z","tokenPrefix":"fbab6b3e","endpoint":"POST /api/ai-suggest","elementId":592,"field":"suggested","statusCode":200,"message":"AI suggestion generated"}
{"timestamp":"2026-07-13T09:44:44.2047703Z","tokenPrefix":"fbab6b3e","endpoint":"POST /api/notes","elementId":592,"field":"notes","statusCode":200,"message":"Write-back completed"}
{"timestamp":"2026-07-13T09:44:58.6943982Z","tokenPrefix":"fbab6b3e","endpoint":"POST /api/ai-suggest","elementId":592,"field":"suggested","statusCode":200,"message":"AI suggestion generated"}
{"timestamp":"2026-07-13T09:45:01.3371115Z","tokenPrefix":"fbab6b3e","endpoint":"POST /api/notes","elementId":592,"field":"notes","statusCode":200,"message":"Write-back completed"}
{"timestamp":"2026-07-13T09:45:18.9835720Z","tokenPrefix":"fbab6b3e","endpoint":"POST /api/ai-suggest","elementId":592,"field":"suggested","statusCode":200,"message":"AI suggestion generated"}
{"timestamp":"2026-07-13T09:45:21.2482791Z","tokenPrefix":"fbab6b3e","endpoint":"POST /api/notes","elementId":592,"field":"notes","statusCode":200,"message":"Write-back completed"}
{"timestamp":"2026-07-13T09:45:38.2829907Z","tokenPrefix":"fbab6b3e","endpoint":"POST /api/ai-suggest","elementId":592,"field":"suggested","statusCode":200,"message":"AI suggestion generated"}
{"timestamp":"2026-07-13T09:45:40.5279055Z","tokenPrefix":"fbab6b3e","endpoint":"POST /api/notes","elementId":592,"field":"notes","statusCode":200,"message":"Write-back completed"}
{"timestamp":"2026-07-13T09:45:59.0827848Z","tokenPrefix":"fbab6b3e","endpoint":"POST /api/ai-suggest","elementId":592,"field":"suggested","statusCode":200,"message":"AI suggestion generated"}
{"timestamp":"2026-07-13T09:46:01.5002909Z","tokenPrefix":"fbab6b3e","endpoint":"POST /api/notes","elementId":592,"field":"notes","statusCode":200,"message":"Write-back completed"}
{"timestamp":"2026-07-13T09:46:17.4280832Z","tokenPrefix":"fbab6b3e","endpoint":"POST /api/ai-suggest","elementId":592,"field":"suggested","statusCode":200,"message":"AI suggestion generated"}
{"timestamp":"2026-07-13T09:46:19.6609067Z","tokenPrefix":"fbab6b3e","endpoint":"POST /api/notes","elementId":592,"field":"notes","statusCode":200,"message":"Write-back completed"}
{"timestamp":"2026-07-13T09:46:34.5726939Z","tokenPrefix":"fbab6b3e","endpoint":"POST /api/ai-suggest","elementId":592,"field":"suggested","statusCode":200,"message":"AI suggestion generated"}
{"timestamp":"2026-07-13T09:46:36.8542184Z","tokenPrefix":"fbab6b3e","endpoint":"POST /api/notes","elementId":592,"field":"notes","statusCode":200,"message":"Write-back completed"}
{"timestamp":"2026-07-13T09:46:53.8794172Z","tokenPrefix":"fbab6b3e","endpoint":"POST /api/ai-suggest","elementId":592,"field":"suggested","statusCode":200,"message":"AI suggestion generated"}
{"timestamp":"2026-07-13T09:46:56.1087527Z","tokenPrefix":"fbab6b3e","endpoint":"POST /api/notes","elementId":592,"field":"notes","statusCode":200,"message":"Write-back completed"}
{"timestamp":"2026-07-13T09:47:11.7523341Z","tokenPrefix":"fbab6b3e","endpoint":"POST /api/ai-suggest","elementId":592,"field":"suggested","statusCode":200,"message":"AI suggestion generated"}
{"timestamp":"2026-07-13T09:47:13.9660651Z","tokenPrefix":"fbab6b3e","endpoint":"POST /api/notes","elementId":592,"field":"notes","statusCode":200,"message":"Write-back completed"}
{"timestamp":"2026-07-13T09:47:32.5076398Z","tokenPrefix":"fbab6b3e","endpoint":"POST /api/ai-suggest","elementId":592,"field":"suggested","statusCode":200,"message":"AI suggestion generated"}
{"timestamp":"2026-07-13T09:47:34.7318461Z","tokenPrefix":"fbab6b3e","endpoint":"POST /api/notes","elementId":592,"field":"notes","statusCode":200,"message":"Write-back completed"}
{"timestamp":"2026-07-13T09:47:52.9152291Z","tokenPrefix":"fbab6b3e","endpoint":"POST /api/ai-suggest","elementId":592,"field":"suggested","statusCode":200,"message":"AI suggestion generated"}
{"timestamp":"2026-07-13T09:47:55.1513766Z","tokenPrefix":"fbab6b3e","endpoint":"POST /api/notes","elementId":592,"field":"notes","statusCode":200,"message":"Write-back completed"}
{"timestamp":"2026-07-13T09:48:13.4422353Z","tokenPrefix":"fbab6b3e","endpoint":"POST /api/ai-suggest","elementId":592,"field":"suggested","statusCode":200,"message":"AI suggestion generated"}
{"timestamp":"2026-07-13T09:48:15.7446298Z","tokenPrefix":"fbab6b3e","endpoint":"POST /api/notes","elementId":592,"field":"notes","statusCode":200,"message":"Write-back completed"}
{"timestamp":"2026-07-13T09:48:35.9071853Z","tokenPrefix":"fbab6b3e","endpoint":"POST /api/ai-suggest","elementId":592,"field":"suggested","statusCode":200,"message":"AI suggestion generated"}
{"timestamp":"2026-07-13T09:48:38.4793685Z","tokenPrefix":"fbab6b3e","endpoint":"POST /api/notes","elementId":592,"field":"notes","statusCode":200,"message":"Write-back completed"}
{"timestamp":"2026-07-13T09:48:57.7935709Z","tokenPrefix":"fbab6b3e","endpoint":"POST /api/ai-suggest","elementId":592,"field":"suggested","statusCode":200,"message":"AI suggestion generated"}
{"timestamp":"2026-07-13T09:49:00.1160871Z","tokenPrefix":"fbab6b3e","endpoint":"POST /api/notes","elementId":592,"field":"notes","statusCode":200,"message":"Write-back completed"}
{"timestamp":"2026-07-13T09:49:18.7649697Z","tokenPrefix":"fbab6b3e","endpoint":"POST /api/ai-suggest","elementId":592,"field":"suggested","statusCode":200,"message":"AI suggestion generated"}
{"timestamp":"2026-07-13T09:49:21.1006074Z","tokenPrefix":"fbab6b3e","endpoint":"POST /api/notes","elementId":592,"field":"notes","statusCode":200,"message":"Write-back completed"}
{"timestamp":"2026-07-13T09:54:58.1280049Z","tokenPrefix":"fbab6b3e","endpoint":"POST /api/ai-suggest","elementId":592,"field":"suggested","statusCode":200,"message":"AI suggestion generated"}
{"timestamp":"2026-07-13T09:55:04.2066734Z","tokenPrefix":"fbab6b3e","endpoint":"POST /api/notes","elementId":592,"field":"notes","statusCode":200,"message":"Write-back completed"}
{"timestamp":"2026-07-13T10:07:36.4678217Z","tokenPrefix":"1ff29313","endpoint":"POST /api/ai-suggest","elementId":592,"field":"suggested","statusCode":200,"message":"AI suggestion generated"}
{"timestamp":"2026-07-14T07:44:55.8447037Z","tokenPrefix":"d2382ee8","endpoint":"POST /api/ai-suggest","elementId":581,"field":"suggested","statusCode":200,"message":"AI suggestion generated"}
{"timestamp":"2026-07-14T10:26:23.0383694Z","tokenPrefix":"d2382ee8","endpoint":"POST /api/ai-suggest","elementId":581,"field":"suggested","statusCode":200,"message":"AI suggestion generated"}
{"timestamp":"2026-07-14T10:56:05.6429354Z","tokenPrefix":"d2382ee8","endpoint":"POST /api/ai-suggest","elementId":592,"field":"suggested","statusCode":200,"message":"AI suggestion generated"}
{"timestamp":"2026-07-14T10:57:39.7563424Z","tokenPrefix":"d2382ee8","endpoint":"POST /api/ai-suggest","elementId":592,"field":"suggested","statusCode":200,"message":"AI suggestion generated"}
{"timestamp":"2026-07-14T11:09:26.9959026Z","tokenPrefix":"d2382ee8","endpoint":"POST /api/ai-suggest","elementId":592,"field":"suggested","statusCode":200,"message":"AI suggestion generated"}
{"timestamp":"2026-07-14T11:09:39.4171685Z","tokenPrefix":"d2382ee8","endpoint":"POST /api/ai-suggest","elementId":139,"field":"suggested","statusCode":200,"message":"AI suggestion generated"}
{"timestamp":"2026-07-14T12:28:55.7624604Z","tokenPrefix":"b97868e0","endpoint":"POST /api/ai-suggest-diagram","elementId":19,"field":"suggested","statusCode":200,"message":"AI suggestion generated for diagram"}
{"timestamp":"2026-07-14T12:30:11.0075746Z","tokenPrefix":"b97868e0","endpoint":"POST /api/diagram-notes","elementId":19,"field":"diagram-notes","statusCode":200,"message":"Write-back completed"}
{"timestamp":"2026-07-14T13:31:49.1729790Z","tokenPrefix":"9173b502","endpoint":"POST /api/ai-suggest-diagram","elementId":25,"field":"suggested","statusCode":200,"message":"AI suggestion generated for diagram"}
{"timestamp":"2026-07-14T13:33:55.4462014Z","tokenPrefix":"9173b502","endpoint":"POST /api/diagram-notes","elementId":25,"field":"diagram-notes","statusCode":200,"message":"Write-back completed"}
{"timestamp":"2026-07-14T13:56:25.0907848Z","tokenPrefix":"0edecc03","endpoint":"POST /api/ai-suggest-diagram","elementId":24,"field":"suggested","statusCode":200,"message":"AI suggestion generated for diagram"}
{"timestamp":"2026-07-14T13:57:51.3026232Z","tokenPrefix":"0edecc03","endpoint":"POST /api/diagram-notes","elementId":24,"field":"diagram-notes","statusCode":200,"message":"Write-back completed"}
{"timestamp":"2026-07-16T12:58:59.4017250Z","tokenPrefix":"396808bb","endpoint":"POST /api/ai-suggest","elementId":600,"field":"suggested","statusCode":200,"message":"AI suggestion generated"}
{"timestamp":"2026-07-16T13:02:13.4646932Z","tokenPrefix":"396808bb","endpoint":"POST /api/ai-suggest","elementId":600,"field":"suggested","statusCode":200,"message":"AI suggestion generated"}
{"timestamp":"2026-07-16T13:02:26.9256012Z","tokenPrefix":"396808bb","endpoint":"POST /api/notes","elementId":600,"field":"notes","statusCode":200,"message":"Write-back completed"}
{"timestamp":"2026-07-16T13:08:38.4896336Z","tokenPrefix":"396808bb","endpoint":"POST /api/ai-suggest","elementId":600,"field":"suggested","statusCode":200,"message":"AI suggestion generated"}
{"timestamp":"2026-07-16T13:18:09.1038510Z","tokenPrefix":"396808bb","endpoint":"POST /api/ai-suggest","elementId":600,"field":"suggested","statusCode":200,"message":"AI suggestion generated"}
{"timestamp":"2026-07-16T13:18:19.6142924Z","tokenPrefix":"396808bb","endpoint":"POST /api/notes","elementId":600,"field":"notes","statusCode":200,"message":"Write-back completed"}
